// Jest Snapshot v1, https://goo.gl/fbAQLP

exports[`test component renders 1`] = `
<article>
  <h3>
    Title
  </h3>
  <div
    className="post-time"
  >
    Posted at 
    <time
      dateTime="2021-12-31 11:08:00"
    >
      2021-12-31T01:08:00.000Z
    </time>
  </div>
  <div
    className="post-content"
    dangerouslySetInnerHTML={
      {
        "__html": "Body",
      }
    }
  />
</article>
`;
